Archive member included because of file (symbol)

d:/courses/cat embeded/imt_sdk_win_64/imt_sdk_win_64/winavr/bin/../lib/gcc/avr/4.3.3/avr5\libgcc.a(_exit.o)
                              d:/courses/cat embeded/imt_sdk_win_64/imt_sdk_win_64/winavr/bin/../lib/gcc/avr/4.3.3/../../../../avr/lib/avr5/crtm16.o (exit)
d:/courses/cat embeded/imt_sdk_win_64/imt_sdk_win_64/winavr/bin/../lib/gcc/avr/4.3.3/avr5\libgcc.a(_copy_data.o)
                              ./SEVEN_SEGMENT_config.o (__do_copy_data)

Memory Configuration

Name             Origin             Length             Attributes
text             0x00000000         0x00020000         xr
data             0x00800060         0x0000ffa0         rw !x
eeprom           0x00810000         0x00010000         rw !x
fuse             0x00820000         0x00000400         rw !x
lock             0x00830000         0x00000400         rw !x
signature        0x00840000         0x00000400         rw !x
*default*        0x00000000         0xffffffff

Linker script and memory map

LOAD d:/courses/cat embeded/imt_sdk_win_64/imt_sdk_win_64/winavr/bin/../lib/gcc/avr/4.3.3/../../../../avr/lib/avr5/crtm16.o
LOAD ./SEVEN_SEGMENT_config.o
LOAD ./SEVEN_SEGMENT_prog.o
LOAD ./main.o
LOAD ./prog.o
LOAD d:/courses/cat embeded/imt_sdk_win_64/imt_sdk_win_64/winavr/bin/../lib/gcc/avr/4.3.3/avr5\libgcc.a
LOAD d:/courses/cat embeded/imt_sdk_win_64/imt_sdk_win_64/winavr/bin/../lib/gcc/avr/4.3.3/../../../../avr/lib/avr5\libc.a
LOAD d:/courses/cat embeded/imt_sdk_win_64/imt_sdk_win_64/winavr/bin/../lib/gcc/avr/4.3.3/avr5\libgcc.a

.hash
 *(.hash)

.dynsym
 *(.dynsym)

.dynstr
 *(.dynstr)

.gnu.version
 *(.gnu.version)

.gnu.version_d
 *(.gnu.version_d)

.gnu.version_r
 *(.gnu.version_r)

.rel.init
 *(.rel.init)

.rela.init
 *(.rela.init)

.rel.text
 *(.rel.text)
 *(.rel.text.*)
 *(.rel.gnu.linkonce.t*)

.rela.text
 *(.rela.text)
 *(.rela.text.*)
 *(.rela.gnu.linkonce.t*)

.rel.fini
 *(.rel.fini)

.rela.fini
 *(.rela.fini)

.rel.rodata
 *(.rel.rodata)
 *(.rel.rodata.*)
 *(.rel.gnu.linkonce.r*)

.rela.rodata
 *(.rela.rodata)
 *(.rela.rodata.*)
 *(.rela.gnu.linkonce.r*)

.rel.data
 *(.rel.data)
 *(.rel.data.*)
 *(.rel.gnu.linkonce.d*)

.rela.data
 *(.rela.data)
 *(.rela.data.*)
 *(.rela.gnu.linkonce.d*)

.rel.ctors
 *(.rel.ctors)

.rela.ctors
 *(.rela.ctors)

.rel.dtors
 *(.rel.dtors)

.rela.dtors
 *(.rela.dtors)

.rel.got
 *(.rel.got)

.rela.got
 *(.rela.got)

.rel.bss
 *(.rel.bss)

.rela.bss
 *(.rela.bss)

.rel.plt
 *(.rel.plt)

.rela.plt
 *(.rela.plt)

.text           0x00000000     0x2240
 *(.vectors)
 .vectors       0x00000000       0x54 d:/courses/cat embeded/imt_sdk_win_64/imt_sdk_win_64/winavr/bin/../lib/gcc/avr/4.3.3/../../../../avr/lib/avr5/crtm16.o
                0x00000000                __vectors
                0x00000000                __vector_default
 *(.vectors)
 *(.progmem.gcc*)
 *(.progmem*)
                0x00000054                . = ALIGN (0x2)
                0x00000054                __trampolines_start = .
 *(.trampolines)
 .trampolines   0x00000054        0x0 linker stubs
 *(.trampolines*)
                0x00000054                __trampolines_end = .
 *(.jumptables)
 *(.jumptables*)
 *(.lowtext)
 *(.lowtext*)
                0x00000054                __ctors_start = .
 *(.ctors)
                0x00000054                __ctors_end = .
                0x00000054                __dtors_start = .
 *(.dtors)
                0x00000054                __dtors_end = .
 SORT(*)(.ctors)
 SORT(*)(.dtors)
 *(.init0)
 .init0         0x00000054        0x0 d:/courses/cat embeded/imt_sdk_win_64/imt_sdk_win_64/winavr/bin/../lib/gcc/avr/4.3.3/../../../../avr/lib/avr5/crtm16.o
                0x00000054                __init
 *(.init0)
 *(.init1)
 *(.init1)
 *(.init2)
 .init2         0x00000054        0xc d:/courses/cat embeded/imt_sdk_win_64/imt_sdk_win_64/winavr/bin/../lib/gcc/avr/4.3.3/../../../../avr/lib/avr5/crtm16.o
 *(.init2)
 *(.init3)
 *(.init3)
 *(.init4)
 .init4         0x00000060       0x16 d:/courses/cat embeded/imt_sdk_win_64/imt_sdk_win_64/winavr/bin/../lib/gcc/avr/4.3.3/avr5\libgcc.a(_copy_data.o)
                0x00000060                __do_copy_data
 *(.init4)
 *(.init5)
 *(.init5)
 *(.init6)
 *(.init6)
 *(.init7)
 *(.init7)
 *(.init8)
 *(.init8)
 *(.init9)
 .init9         0x00000076        0x8 d:/courses/cat embeded/imt_sdk_win_64/imt_sdk_win_64/winavr/bin/../lib/gcc/avr/4.3.3/../../../../avr/lib/avr5/crtm16.o
 *(.init9)
 *(.text)
 .text          0x0000007e        0x4 d:/courses/cat embeded/imt_sdk_win_64/imt_sdk_win_64/winavr/bin/../lib/gcc/avr/4.3.3/../../../../avr/lib/avr5/crtm16.o
                0x0000007e                __vector_1
                0x0000007e                __vector_12
                0x0000007e                __bad_interrupt
                0x0000007e                __vector_6
                0x0000007e                __vector_3
                0x0000007e                __vector_11
                0x0000007e                __vector_13
                0x0000007e                __vector_17
                0x0000007e                __vector_19
                0x0000007e                __vector_7
                0x0000007e                __vector_5
                0x0000007e                __vector_4
                0x0000007e                __vector_9
                0x0000007e                __vector_2
                0x0000007e                __vector_15
                0x0000007e                __vector_8
                0x0000007e                __vector_14
                0x0000007e                __vector_10
                0x0000007e                __vector_16
                0x0000007e                __vector_18
                0x0000007e                __vector_20
 .text          0x00000082        0x0 ./SEVEN_SEGMENT_config.o
 .text          0x00000082        0x0 ./SEVEN_SEGMENT_prog.o
 .text          0x00000082        0x0 ./main.o
 .text          0x00000082        0x0 ./prog.o
 .text          0x00000082        0x0 d:/courses/cat embeded/imt_sdk_win_64/imt_sdk_win_64/winavr/bin/../lib/gcc/avr/4.3.3/avr5\libgcc.a(_exit.o)
 .text          0x00000082        0x0 d:/courses/cat embeded/imt_sdk_win_64/imt_sdk_win_64/winavr/bin/../lib/gcc/avr/4.3.3/avr5\libgcc.a(_copy_data.o)
                0x00000082                . = ALIGN (0x2)
 *(.text.*)
 .text.Seven_Segment_enuInit
                0x00000082      0x4d4 ./SEVEN_SEGMENT_prog.o
                0x00000082                Seven_Segment_enuInit
 .text.Seven_Segment_enuDisplayNum
                0x00000556      0x77e ./SEVEN_SEGMENT_prog.o
                0x00000556                Seven_Segment_enuDisplayNum
 .text.Seven_Segment_enuEnablecommon
                0x00000cd4      0x1a0 ./SEVEN_SEGMENT_prog.o
                0x00000cd4                Seven_Segment_enuEnablecommon
 .text.Seven_Segment_enuDisablecommon
                0x00000e74      0x1a0 ./SEVEN_SEGMENT_prog.o
                0x00000e74                Seven_Segment_enuDisablecommon
 .text.Seven_Segment_enuEnabledot
                0x00001014      0x1a0 ./SEVEN_SEGMENT_prog.o
                0x00001014                Seven_Segment_enuEnabledot
 .text.Seven_Segment_enuDisaabledot
                0x000011b4      0x1a0 ./SEVEN_SEGMENT_prog.o
                0x000011b4                Seven_Segment_enuDisaabledot
 .text.Seven_Segment_enuClearNum
                0x00001354      0x5a8 ./SEVEN_SEGMENT_prog.o
                0x00001354                Seven_Segment_enuClearNum
 .text.main     0x000018fc       0x12 ./main.o
                0x000018fc                main
 .text.DIO_init
                0x0000190e       0x56 ./prog.o
                0x0000190e                DIO_init
 .text.Setport_Direction
                0x00001964       0xa2 ./prog.o
                0x00001964                Setport_Direction
 .text.Setport_value
                0x00001a06       0xa2 ./prog.o
                0x00001a06                Setport_value
 .text.TogglePort
                0x00001aa8       0xb4 ./prog.o
                0x00001aa8                TogglePort
 .text.GetPort  0x00001b5c       0xc4 ./prog.o
                0x00001b5c                GetPort
 .text.Setpin_Direction
                0x00001c20      0x1de ./prog.o
                0x00001c20                Setpin_Direction
 .text.Setpin_value
                0x00001dfe      0x1de ./prog.o
                0x00001dfe                Setpin_value
 .text.TogglePIN
                0x00001fdc      0x124 ./prog.o
                0x00001fdc                TogglePIN
 .text.GetPin   0x00002100      0x13c ./prog.o
                0x00002100                GetPin
 .text.libgcc   0x0000223c        0x0 d:/courses/cat embeded/imt_sdk_win_64/imt_sdk_win_64/winavr/bin/../lib/gcc/avr/4.3.3/avr5\libgcc.a(_exit.o)
 .text.libgcc   0x0000223c        0x0 d:/courses/cat embeded/imt_sdk_win_64/imt_sdk_win_64/winavr/bin/../lib/gcc/avr/4.3.3/avr5\libgcc.a(_copy_data.o)
                0x0000223c                . = ALIGN (0x2)
 *(.fini9)
 .fini9         0x0000223c        0x0 d:/courses/cat embeded/imt_sdk_win_64/imt_sdk_win_64/winavr/bin/../lib/gcc/avr/4.3.3/avr5\libgcc.a(_exit.o)
                0x0000223c                exit
                0x0000223c                _exit
 *(.fini9)
 *(.fini8)
 *(.fini8)
 *(.fini7)
 *(.fini7)
 *(.fini6)
 *(.fini6)
 *(.fini5)
 *(.fini5)
 *(.fini4)
 *(.fini4)
 *(.fini3)
 *(.fini3)
 *(.fini2)
 *(.fini2)
 *(.fini1)
 *(.fini1)
 *(.fini0)
 .fini0         0x0000223c        0x4 d:/courses/cat embeded/imt_sdk_win_64/imt_sdk_win_64/winavr/bin/../lib/gcc/avr/4.3.3/avr5\libgcc.a(_exit.o)
 *(.fini0)
                0x00002240                _etext = .

.data           0x00800060       0x44 load address 0x00002240
                0x00800060                PROVIDE (__data_start, .)
 *(.data)
 .data          0x00800060        0x0 d:/courses/cat embeded/imt_sdk_win_64/imt_sdk_win_64/winavr/bin/../lib/gcc/avr/4.3.3/../../../../avr/lib/avr5/crtm16.o
 .data          0x00800060        0x0 ./SEVEN_SEGMENT_config.o
 .data          0x00800060        0x0 ./SEVEN_SEGMENT_prog.o
 .data          0x00800060        0x0 ./main.o
 .data          0x00800060        0x0 ./prog.o
 .data          0x00800060        0x0 d:/courses/cat embeded/imt_sdk_win_64/imt_sdk_win_64/winavr/bin/../lib/gcc/avr/4.3.3/avr5\libgcc.a(_exit.o)
 .data          0x00800060        0x0 d:/courses/cat embeded/imt_sdk_win_64/imt_sdk_win_64/winavr/bin/../lib/gcc/avr/4.3.3/avr5\libgcc.a(_copy_data.o)
 *(.data*)
 .data.SEG_Au8NumDisplay
                0x00800060        0xa ./SEVEN_SEGMENT_config.o
 .data.Array_of_Strct
                0x0080006a       0x26 ./SEVEN_SEGMENT_config.o
                0x0080006a                Array_of_Strct
 .data.SEG_Au8NumDisplay
                0x00800090        0xa ./SEVEN_SEGMENT_prog.o
 .data.SEG_Au8NumDisplay
                0x0080009a        0xa ./main.o
 *(.rodata)
 *(.rodata*)
 *(.gnu.linkonce.d*)
                0x008000a4                . = ALIGN (0x2)
                0x008000a4                _edata = .
                0x008000a4                PROVIDE (__data_end, .)

.bss            0x008000a4        0x0
                0x008000a4                PROVIDE (__bss_start, .)
 *(.bss)
 .bss           0x008000a4        0x0 d:/courses/cat embeded/imt_sdk_win_64/imt_sdk_win_64/winavr/bin/../lib/gcc/avr/4.3.3/../../../../avr/lib/avr5/crtm16.o
 .bss           0x008000a4        0x0 ./SEVEN_SEGMENT_config.o
 .bss           0x008000a4        0x0 ./SEVEN_SEGMENT_prog.o
 .bss           0x008000a4        0x0 ./main.o
 .bss           0x008000a4        0x0 ./prog.o
 .bss           0x008000a4        0x0 d:/courses/cat embeded/imt_sdk_win_64/imt_sdk_win_64/winavr/bin/../lib/gcc/avr/4.3.3/avr5\libgcc.a(_exit.o)
 .bss           0x008000a4        0x0 d:/courses/cat embeded/imt_sdk_win_64/imt_sdk_win_64/winavr/bin/../lib/gcc/avr/4.3.3/avr5\libgcc.a(_copy_data.o)
 *(.bss*)
 *(COMMON)
                0x008000a4                PROVIDE (__bss_end, .)
                0x00002240                __data_load_start = LOADADDR (.data)
                0x00002284                __data_load_end = (__data_load_start + SIZEOF (.data))

.noinit         0x008000a4        0x0
                0x008000a4                PROVIDE (__noinit_start, .)
 *(.noinit*)
                0x008000a4                PROVIDE (__noinit_end, .)
                0x008000a4                _end = .
                0x008000a4                PROVIDE (__heap_start, .)

.eeprom         0x00810000        0x0
 *(.eeprom*)
                0x00810000                __eeprom_end = .

.fuse
 *(.fuse)
 *(.lfuse)
 *(.hfuse)
 *(.efuse)

.lock
 *(.lock*)

.signature
 *(.signature*)

.stab           0x00000000     0x17e8
 *(.stab)
 .stab          0x00000000      0x180 ./SEVEN_SEGMENT_config.o
 .stab          0x00000180      0x7d4 ./SEVEN_SEGMENT_prog.o
                                0x840 (size before relaxing)
 .stab          0x00000954      0x2e8 ./main.o
                                0x354 (size before relaxing)
 .stab          0x00000c3c      0xbac ./prog.o
                                0xc00 (size before relaxing)

.stabstr        0x00000000      0xbc9
 *(.stabstr)
 .stabstr       0x00000000      0xbc9 ./SEVEN_SEGMENT_config.o

.stab.excl
 *(.stab.excl)

.stab.exclstr
 *(.stab.exclstr)

.stab.index
 *(.stab.index)

.stab.indexstr
 *(.stab.indexstr)

.comment
 *(.comment)

.debug
 *(.debug)

.line
 *(.line)

.debug_srcinfo
 *(.debug_srcinfo)

.debug_sfnames
 *(.debug_sfnames)

.debug_aranges
 *(.debug_aranges)

.debug_pubnames
 *(.debug_pubnames)

.debug_info
 *(.debug_info)
 *(.gnu.linkonce.wi.*)

.debug_abbrev
 *(.debug_abbrev)

.debug_line
 *(.debug_line)

.debug_frame
 *(.debug_frame)

.debug_str
 *(.debug_str)

.debug_loc
 *(.debug_loc)

.debug_macinfo
 *(.debug_macinfo)
OUTPUT(SEVEN_SEGMENT.elf elf32-avr)
LOAD linker stubs
